token: LET        	lexical unit: LET
token: Yo_         	lexical unit: PROGNAME